#
# There is insufficient memory for the Java Runtime Environment to continue.
# Native memory allocation (malloc) failed to allocate 270096 bytes for Chunk::new
# Possible reasons:
#   The system is out of physical RAM or swap space
#   The process is running with CompressedOops enabled, and the Java Heap may be blocking the growth of the native heap
# Possible solutions:
#   Reduce memory load on the system
#   Increase physical memory or swap space
#   Check if swap backing store is full
#   Decrease Java heap size (-Xmx/-Xms)
#   Decrease number of Java threads
#   Decrease Java thread stack sizes (-Xss)
#   Set larger code cache with -XX:ReservedCodeCacheSize=
#   JVM is running with Zero Based Compressed Oops mode in which the Java heap is
#     placed in the first 32GB address space. The Java Heap base address is the
#     maximum limit for the native heap growth. Please use -XX:HeapBaseMinAddress
#     to set the Java Heap base and to place the Java Heap above 32GB virtual address.
# This output file may be truncated or incomplete.
#
#  Out of Memory Error (arena.cpp:191), pid=36660, tid=37548
#
# JRE version: OpenJDK Runtime Environment Temurin-17.0.9+9 (17.0.9+9) (build 17.0.9+9)
# Java VM: OpenJDK 64-Bit Server VM Temurin-17.0.9+9 (17.0.9+9, mixed mode, sharing, tiered, compressed oops, compressed class ptrs, g1 gc, windows-amd64)
# No core dump will be written. Minidumps are not enabled by default on client versions of Windows
#

---------------  S U M M A R Y ------------

Command Line: org.sonarsource.sonarlint.core.backend.cli.SonarLintServerCli

Host: AMD Ryzen 5 5600G with Radeon Graphics         , 12 cores, 23G,  Windows 11 , 64 bit Build 26100 (10.0.26100.8521)
Time: Fri Jun 26 09:34:37 2026 Hora est. Pacífico, Sudamérica elapsed time: 2674.585184 seconds (0d 0h 44m 34s)

---------------  T H R E A D  ---------------

Current thread (0x00000175c41eaa40):  JavaThread "C2 CompilerThread0" daemon [_thread_in_native, id=37548, stack(0x00000066e1c00000,0x00000066e1d00000)]


Current CompileTask:
C2:2674585 7243   !   4       sun.nio.fs.WindowsNativeDispatcher::CreateFile (41 bytes)

Stack: [0x00000066e1c00000,0x00000066e1d00000]
Native frames: (J=compiled Java code, j=interpreted, Vv=VM code, C=native code)
V  [jvm.dll+0x67cf49]
V  [jvm.dll+0x83478a]
V  [jvm.dll+0x83624e]
V  [jvm.dll+0x8368b3]
V  [jvm.dll+0x247f1f]
V  [jvm.dll+0xac43c]
V  [jvm.dll+0xaca8c]
V  [jvm.dll+0x2af45f]
V  [jvm.dll+0x5853f7]
V  [jvm.dll+0x222f62]
V  [jvm.dll+0x22334f]
V  [jvm.dll+0x21c476]
V  [jvm.dll+0x2198c1]
V  [jvm.dll+0x1a57cd]
V  [jvm.dll+0x2297ae]
V  [jvm.dll+0x22797c]
V  [jvm.dll+0x7e9877]
V  [jvm.dll+0x7e3c3a]
V  [jvm.dll+0x67be35]
C  [ucrtbase.dll+0x2cd30]
C  [KERNEL32.DLL+0x2e957]
C  [ntdll.dll+0x87c1c]


---------------  P R O C E S S  ---------------

Threads class SMR info:
_java_thread_list=0x000001760a3724c0, length=53, elements={
0x000001759f6c81b0, 0x00000175c41bf090, 0x00000175c41bfa50, 0x00000175c41dc780,
0x00000175c41de060, 0x00000175c41de930, 0x00000175c41e0210, 0x00000175c41eaa40,
0x00000175c41ebf70, 0x00000175c42094d0, 0x00000175c4c1f800, 0x00000175c4c2a200,
0x000001760a6c8590, 0x000001760a9b0370, 0x000001760aa24720, 0x000001760ac882d0,
0x000001760b4b6450, 0x000001760ab1f3e0, 0x000001760ab20310, 0x000001760ab20820,
0x000001760cfe1840, 0x000001760cfdefc0, 0x000001760cfdf9e0, 0x000001760cfe0e20,
0x000001760cfdf4d0, 0x000001760cfdfef0, 0x000001760cfe0400, 0x000001760cfdeab0,
0x000001760cfe2260, 0x000001760cfe36a0, 0x000001760cfe2770, 0x000001760cfe40c0,
0x000001760cfe3190, 0x000001760cfe3bb0, 0x000001760cfe2c80, 0x000001760cfe0910,
0x000001760cfe45d0, 0x000001760cfe4ae0, 0x000001760cfe4ff0, 0x000001760cfe5500,
0x000001760cfe1d50, 0x000001760cfe5a10, 0x000001760e8af2d0, 0x000001760e8ade90,
0x000001760e8ae3a0, 0x000001760e8aedc0, 0x000001760e8b0200, 0x000001760e8b39b0,
0x000001760e8b43d0, 0x000001760e8b1640, 0x000001760e8b0c20, 0x000001760e8b48e0,
0x000001760e8b2a80
}

Java Threads: ( => current thread )
  0x000001759f6c81b0 JavaThread "main" [_thread_blocked, id=17388, stack(0x00000066e0f00000,0x00000066e1000000)]
  0x00000175c41bf090 JavaThread "Reference Handler" daemon [_thread_blocked, id=33056, stack(0x00000066e1600000,0x00000066e1700000)]
  0x00000175c41bfa50 JavaThread "Finalizer" daemon [_thread_blocked, id=3052, stack(0x00000066e1700000,0x00000066e1800000)]
  0x00000175c41dc780 JavaThread "Signal Dispatcher" daemon [_thread_blocked, id=32244, stack(0x00000066e1800000,0x00000066e1900000)]
  0x00000175c41de060 JavaThread "Attach Listener" daemon [_thread_blocked, id=36840, stack(0x00000066e1900000,0x00000066e1a00000)]
  0x00000175c41de930 JavaThread "Service Thread" daemon [_thread_blocked, id=8224, stack(0x00000066e1a00000,0x00000066e1b00000)]
  0x00000175c41e0210 JavaThread "Monitor Deflation Thread" daemon [_thread_blocked, id=8212, stack(0x00000066e1b00000,0x00000066e1c00000)]
=>0x00000175c41eaa40 JavaThread "C2 CompilerThread0" daemon [_thread_in_native, id=37548, stack(0x00000066e1c00000,0x00000066e1d00000)]
  0x00000175c41ebf70 JavaThread "C1 CompilerThread0" daemon [_thread_blocked, id=33120, stack(0x00000066e1d00000,0x00000066e1e00000)]
  0x00000175c42094d0 JavaThread "Sweeper thread" daemon [_thread_blocked, id=33024, stack(0x00000066e1e00000,0x00000066e1f00000)]
  0x00000175c4c1f800 JavaThread "Notification Thread" daemon [_thread_blocked, id=16176, stack(0x00000066e1f00000,0x00000066e2000000)]
  0x00000175c4c2a200 JavaThread "Common-Cleaner" daemon [_thread_blocked, id=7640, stack(0x00000066e2100000,0x00000066e2200000)]
  0x000001760a6c8590 JavaThread "Server message writer" [_thread_blocked, id=17304, stack(0x00000066e2b00000,0x00000066e2c00000)]
  0x000001760a9b0370 JavaThread "Server message writer" [_thread_blocked, id=35104, stack(0x00000066e2c00000,0x00000066e2d00000)]
  0x000001760aa24720 JavaThread "Server message reader" [_thread_in_vm, id=6268, stack(0x00000066e2d00000,0x00000066e2e00000)]
  0x000001760ac882d0 JavaThread "SonarLint Server RPC sequential executor" [_thread_blocked, id=28588, stack(0x00000066e2e00000,0x00000066e2f00000)]
  0x000001760b4b6450 JavaThread "SentryExecutorServiceThreadFactory-0" daemon [_thread_blocked, id=33456, stack(0x00000066e3000000,0x00000066e3100000)]
  0x000001760ab1f3e0 JavaThread "H2 File Lock Watchdog C:/Users/alejo/AppData/Local/SLVS_SLOOP/storageRoot/h2/sq-ide.lock.db" daemon [_thread_blocked, id=29056, stack(0x00000066e3400000,0x00000066e3500000)]
  0x000001760ab20310 JavaThread "H2 TCP Server (tcp://localhost:62682)" daemon [_thread_in_native, id=36776, stack(0x00000066e3500000,0x00000066e3600000)]
  0x000001760ab20820 JavaThread "MVStore background writer C:/Users/alejo/AppData/Local/SLVS_SLOOP/storageRoot/h2/sq-ide.mv.db" daemon [_thread_blocked, id=12528, stack(0x00000066e3700000,0x00000066e3800000)]
  0x000001760cfe1840 JavaThread "H2-serialization" daemon [_thread_blocked, id=14676, stack(0x00000066e3800000,0x00000066e3900000)]
  0x000001760cfdefc0 JavaThread "H2-save" daemon [_thread_blocked, id=14524, stack(0x00000066e3900000,0x00000066e3a00000)]
  0x000001760cfdf9e0 JavaThread "httpclient-main-1" daemon [_thread_blocked, id=34404, stack(0x00000066e3a00000,0x00000066e3b00000)]
  0x000001760cfe0e20 JavaThread "httpclient-dispatch-1" daemon [_thread_in_native, id=28068, stack(0x00000066e3b00000,0x00000066e3c00000)]
  0x000001760cfdf4d0 JavaThread "httpclient-dispatch-2" daemon [_thread_in_native, id=21656, stack(0x00000066e3c00000,0x00000066e3d00000)]
  0x000001760cfdfef0 JavaThread "httpclient-dispatch-3" daemon [_thread_in_native, id=32564, stack(0x00000066e3d00000,0x00000066e3e00000)]
  0x000001760cfe0400 JavaThread "httpclient-dispatch-4" daemon [_thread_in_native, id=33864, stack(0x00000066e3e00000,0x00000066e3f00000)]
  0x000001760cfdeab0 JavaThread "httpclient-dispatch-5" daemon [_thread_in_native, id=21940, stack(0x00000066e3f00000,0x00000066e4000000)]
  0x000001760cfe2260 JavaThread "httpclient-dispatch-6" daemon [_thread_in_native, id=9600, stack(0x00000066e4000000,0x00000066e4100000)]
  0x000001760cfe36a0 JavaThread "httpclient-dispatch-7" daemon [_thread_in_native, id=31124, stack(0x00000066e4100000,0x00000066e4200000)]
  0x000001760cfe2770 JavaThread "httpclient-dispatch-8" daemon [_thread_in_native, id=28224, stack(0x00000066e4200000,0x00000066e4300000)]
  0x000001760cfe40c0 JavaThread "httpclient-dispatch-9" daemon [_thread_in_native, id=2928, stack(0x00000066e4300000,0x00000066e4400000)]
  0x000001760cfe3190 JavaThread "httpclient-dispatch-10" daemon [_thread_in_native, id=29840, stack(0x00000066e4400000,0x00000066e4500000)]
  0x000001760cfe3bb0 JavaThread "httpclient-dispatch-11" daemon [_thread_in_native, id=34340, stack(0x00000066e4500000,0x00000066e4600000)]
  0x000001760cfe2c80 JavaThread "httpclient-dispatch-12" daemon [_thread_in_native, id=10280, stack(0x00000066e4600000,0x00000066e4700000)]
  0x000001760cfe0910 JavaThread "SonarLint Telemetry" [_thread_blocked, id=31188, stack(0x00000066e4700000,0x00000066e4800000)]
  0x000001760cfe45d0 JavaThread "HTTP-listener-64120-1" [_thread_in_native, id=32260, stack(0x00000066e4800000,0x00000066e4900000)]
  0x000001760cfe4ae0 JavaThread "SonarLint Local Storage Synchronizer" [_thread_blocked, id=14188, stack(0x00000066e4900000,0x00000066e4a00000)]
  0x000001760cfe4ff0 JavaThread "sonarlint-filesystem" [_thread_blocked, id=4572, stack(0x00000066e4a00000,0x00000066e4b00000)]
  0x000001760cfe5500 JavaThread "HttpClient-1-SelectorManager" daemon [_thread_in_native, id=23284, stack(0x00000066e4b00000,0x00000066e4c00000)]
  0x000001760cfe1d50 JavaThread "sonarlint-analysis-scheduler" [_thread_blocked, id=30372, stack(0x00000066e4c00000,0x00000066e4d00000)]
  0x000001760cfe5a10 JavaThread "sonarlint-websocket-subscriber" [_thread_blocked, id=5980, stack(0x00000066e4d00000,0x00000066e4e00000)]
  0x000001760e8af2d0 JavaThread "sonarlint-server-sent-events-subscriber" [_thread_blocked, id=24096, stack(0x00000066e4e00000,0x00000066e4f00000)]
  0x000001760e8ade90 JavaThread "JGit-WorkQueue" daemon [_thread_blocked, id=24540, stack(0x00000066e5100000,0x00000066e5200000)]
  0x000001760e8ae3a0 JavaThread "sonarlint-file-exclusions" [_thread_blocked, id=20280, stack(0x00000066e5200000,0x00000066e5300000)]
  0x000001760e8aedc0 JavaThread "HttpClient-2-SelectorManager" daemon [_thread_in_native, id=23272, stack(0x00000066e5300000,0x00000066e5400000)]
  0x000001760e8b0200 JavaThread "pool-3-thread-1" [_thread_blocked, id=33820, stack(0x00000066e5600000,0x00000066e5700000)]
  0x000001760e8b39b0 JavaThread "pool-3-thread-2" [_thread_blocked, id=12248, stack(0x00000066e5a00000,0x00000066e5b00000)]
  0x000001760e8b43d0 JavaThread "pool-3-thread-3" [_thread_blocked, id=28872, stack(0x00000066e5b00000,0x00000066e5c00000)]
  0x000001760e8b1640 JavaThread "pool-3-thread-4" [_thread_blocked, id=35504, stack(0x00000066e5c00000,0x00000066e5d00000)]
  0x000001760e8b0c20 JavaThread "pool-3-thread-5" [_thread_blocked, id=23660, stack(0x00000066e5d00000,0x00000066e5e00000)]
  0x000001760e8b48e0 JavaThread "sonarlint-branch-matcher" [_thread_blocked, id=23172, stack(0x00000066e5e00000,0x00000066e5f00000)]
  0x000001760e8b2a80 JavaThread "sonarlint-path-translation" [_thread_blocked, id=7176, stack(0x00000066e5f00000,0x00000066e6000000)]

Other Threads:
  0x00000175c41bc600 VMThread "VM Thread" [stack: 0x00000066e1500000,0x00000066e1600000] [id=15788]
  0x00000175c4b216c0 WatcherThread [stack: 0x00000066e2000000,0x00000066e2100000] [id=37624]
  0x000001759f750ad0 GCTaskThread "GC Thread#0" [stack: 0x00000066e1000000,0x00000066e1100000] [id=22192]
  0x000001760a8f4050 GCTaskThread "GC Thread#1" [stack: 0x00000066e2300000,0x00000066e2400000] [id=19288]
  0x000001760a8f4310 GCTaskThread "GC Thread#2" [stack: 0x00000066e2400000,0x00000066e2500000] [id=32712]
  0x000001760a8f45d0 GCTaskThread "GC Thread#3" [stack: 0x00000066e2500000,0x00000066e2600000] [id=20328]
  0x000001760a8f4890 GCTaskThread "GC Thread#4" [stack: 0x00000066e2600000,0x00000066e2700000] [id=34688]
  0x000001760a4043b0 GCTaskThread "GC Thread#5" [stack: 0x00000066e2700000,0x00000066e2800000] [id=26008]
  0x000001760a404670 GCTaskThread "GC Thread#6" [stack: 0x00000066e2800000,0x00000066e2900000] [id=35928]
  0x000001760a404930 GCTaskThread "GC Thread#7" [stack: 0x00000066e2900000,0x00000066e2a00000] [id=11908]
  0x000001760a404bf0 GCTaskThread "GC Thread#8" [stack: 0x00000066e2a00000,0x00000066e2b00000] [id=11292]
  0x000001760acde470 GCTaskThread "GC Thread#9" [stack: 0x00000066e2f00000,0x00000066e3000000] [id=6560]
  0x000001759f760450 ConcurrentGCThread "G1 Main Marker" [stack: 0x00000066e1100000,0x00000066e1200000] [id=32872]
  0x000001759f762d80 ConcurrentGCThread "G1 Conc#0" [stack: 0x00000066e1200000,0x00000066e1300000] [id=22716]
  0x000001760c75d740 ConcurrentGCThread "G1 Conc#1" [stack: 0x00000066e3200000,0x00000066e3300000] [id=23256]
  0x000001760c75d480 ConcurrentGCThread "G1 Conc#2" [stack: 0x00000066e3300000,0x00000066e3400000] [id=8512]
  0x00000175c40f40e0 ConcurrentGCThread "G1 Refine#0" [stack: 0x00000066e1300000,0x00000066e1400000] [id=8296]
  0x000001760d6a52a0 ConcurrentGCThread "G1 Refine#1" [stack: 0x00000066e5400000,0x00000066e5500000] [id=36616]
  0x000001760d6a5590 ConcurrentGCThread "G1 Refine#2" [stack: 0x00000066e5500000,0x00000066e5600000] [id=35400]
  0x00000175c40f67e0 ConcurrentGCThread "G1 Service" [stack: 0x00000066e1400000,0x00000066e1500000] [id=19104]

Threads with active compile tasks:
C2 CompilerThread0  2674656 7243   !   4       sun.nio.fs.WindowsNativeDispatcher::CreateFile (41 bytes)

VM state: not at safepoint (normal execution)

VM Mutex/Monitor currently owned by a thread: None

Heap address: 0x0000000683400000, size: 6092 MB, Compressed Oops mode: Zero based, Oop shift amount: 3

CDS archive(s) mapped at: [0x00000175c5000000-0x00000175c5a40000-0x00000175c5a40000), size 10747904, SharedBaseAddress: 0x00000175c5000000, ArchiveRelocationMode: 1.
Compressed class space mapped at: 0x00000175c6000000-0x0000017606000000, reserved size: 1073741824
Narrow klass base: 0x00000175c5000000, Narrow klass shift: 0, Narrow klass range: 0x100000000

GC Precious Log:
 CPUs: 12 total, 12 available
 Memory: 24367M
 Large Page Support: Disabled
 NUMA Support: Disabled
 Compressed Oops: Enabled (Zero based)
 Heap Region Size: 4M
 Heap Min Capacity: 8M
 Heap Initial Capacity: 384M
 Heap Max Capacity: 6092M
 Pre-touch: Disabled
 Parallel Workers: 10
 Concurrent Workers: 3
 Concurrent Refinement Workers: 10
 Periodic GC: Disabled

Heap:
 garbage-first heap   total 139264K, used 85995K [0x0000000683400000, 0x0000000800000000)
  region size 4096K, 6 young (24576K), 1 survivors (4096K)
 Metaspace       used 77390K, committed 78080K, reserved 1179648K
  class space    used 8784K, committed 9088K, reserved 1048576K

Heap Regions: E=young(eden), S=young(survivor), O=old, HS=humongous(starts), HC=humongous(continues), CS=collection set, F=free, OA=open archive, CA=closed archive, TAMS=top-at-mark-start (previous, next)
|   0|0x0000000683400000, 0x0000000683800000, 0x0000000683800000|100%| O|  |TAMS 0x0000000683800000, 0x0000000683400000| Untracked 
|   1|0x0000000683800000, 0x0000000683c00000, 0x0000000683c00000|100%| O|  |TAMS 0x0000000683c00000, 0x0000000683800000| Untracked 
|   2|0x0000000683c00000, 0x0000000684000000, 0x0000000684000000|100%| O|  |TAMS 0x0000000684000000, 0x0000000683c00000| Untracked 
|   3|0x0000000684000000, 0x0000000684400000, 0x0000000684400000|100%| O|  |TAMS 0x0000000684400000, 0x0000000684000000| Untracked 
|   4|0x0000000684400000, 0x0000000684800000, 0x0000000684800000|100%| O|  |TAMS 0x0000000684800000, 0x0000000684400000| Untracked 
|   5|0x0000000684800000, 0x0000000684c00000, 0x0000000684c00000|100%| O|  |TAMS 0x0000000684c00000, 0x0000000684800000| Untracked 
|   6|0x0000000684c00000, 0x0000000685000000, 0x0000000685000000|100%| O|  |TAMS 0x0000000685000000, 0x0000000684c00000| Untracked 
|   7|0x0000000685000000, 0x0000000685400000, 0x0000000685400000|100%| O|  |TAMS 0x0000000685400000, 0x0000000685000000| Untracked 
|   8|0x0000000685400000, 0x00000006856b0a00, 0x0000000685800000| 67%| O|  |TAMS 0x00000006856b0a00, 0x0000000685400000| Untracked 
|   9|0x0000000685800000, 0x0000000685c00000, 0x0000000685c00000|100%| O|  |TAMS 0x0000000685c00000, 0x0000000685800000| Untracked 
|  10|0x0000000685c00000, 0x0000000686000000, 0x0000000686000000|100%| O|  |TAMS 0x0000000686000000, 0x0000000685c00000| Untracked 
|  11|0x0000000686000000, 0x0000000686400000, 0x0000000686400000|100%| O|  |TAMS 0x0000000686400000, 0x0000000686000000| Untracked 
|  12|0x0000000686400000, 0x0000000686800000, 0x0000000686800000|100%| O|  |TAMS 0x0000000686800000, 0x0000000686400000| Untracked 
|  13|0x0000000686800000, 0x0000000686c00000, 0x0000000686c00000|100%| O|  |TAMS 0x0000000686c00000, 0x0000000686800000| Untracked 
|  14|0x0000000686c00000, 0x0000000687000000, 0x0000000687000000|100%| O|  |TAMS 0x0000000687000000, 0x0000000686c00000| Untracked 
|  15|0x0000000687000000, 0x0000000687400000, 0x0000000687400000|100%| O|  |TAMS 0x00000006871c6a00, 0x0000000687000000| Untracked 
|  16|0x0000000687400000, 0x0000000687741c00, 0x0000000687800000| 81%| O|  |TAMS 0x0000000687400000, 0x0000000687400000| Untracked 
|  17|0x0000000687800000, 0x0000000687800000, 0x0000000687c00000|  0%| F|  |TAMS 0x0000000687800000, 0x0000000687800000| Untracked 
|  18|0x0000000687c00000, 0x0000000687c00000, 0x0000000688000000|  0%| F|  |TAMS 0x0000000687c00000, 0x0000000687c00000| Untracked 
|  19|0x0000000688000000, 0x0000000688000000, 0x0000000688400000|  0%| F|  |TAMS 0x0000000688000000, 0x0000000688000000| Untracked 
|  20|0x0000000688400000, 0x0000000688400000, 0x0000000688800000|  0%| F|  |TAMS 0x0000000688400000, 0x0000000688400000| Untracked 
|  21|0x0000000688800000, 0x0000000688800000, 0x0000000688c00000|  0%| F|  |TAMS 0x0000000688800000, 0x0000000688800000| Untracked 
|  22|0x0000000688c00000, 0x0000000688c00000, 0x0000000689000000|  0%| F|  |TAMS 0x0000000688c00000, 0x0000000688c00000| Untracked 
|  23|0x0000000689000000, 0x0000000689000000, 0x0000000689400000|  0%| F|  |TAMS 0x0000000689000000, 0x0000000689000000| Untracked 
|  24|0x0000000689400000, 0x0000000689400000, 0x0000000689800000|  0%| F|  |TAMS 0x0000000689400000, 0x0000000689400000| Untracked 
|  25|0x0000000689800000, 0x0000000689a08820, 0x0000000689c00000| 50%| S|CS|TAMS 0x0000000689800000, 0x0000000689800000| Complete 
|  26|0x0000000689c00000, 0x0000000689c00000, 0x000000068a000000|  0%| F|  |TAMS 0x0000000689c00000, 0x0000000689c00000| Untracked 
|  27|0x000000068a000000, 0x000000068a000000, 0x000000068a400000|  0%| F|  |TAMS 0x000000068a000000, 0x000000068a000000| Untracked 
|  28|0x000000068a400000, 0x000000068a400000, 0x000000068a800000|  0%| F|  |TAMS 0x000000068a400000, 0x000000068a400000| Untracked 
|  29|0x000000068a800000, 0x000000068ab76d88, 0x000000068ac00000| 86%| E|  |TAMS 0x000000068a800000, 0x000000068a800000| Complete 
|  30|0x000000068ac00000, 0x000000068b000000, 0x000000068b000000|100%| E|CS|TAMS 0x000000068ac00000, 0x000000068ac00000| Complete 
|  31|0x000000068b000000, 0x000000068b400000, 0x000000068b400000|100%| E|CS|TAMS 0x000000068b000000, 0x000000068b000000| Complete 
|  32|0x000000068b400000, 0x000000068b800000, 0x000000068b800000|100%| E|CS|TAMS 0x000000068b400000, 0x000000068b400000| Complete 
|  95|0x000000069b000000, 0x000000069b400000, 0x000000069b400000|100%| E|CS|TAMS 0x000000069b000000, 0x000000069b000000| Complete 

Card table byte_map: [0x00000175b47c0000,0x00000175b53b0000] _byte_map_base: 0x00000175b13a6000

Marking Bits (Prev, Next): (CMBitMap*) 0x000001759f753040, (CMBitMap*) 0x000001759f753000
 Prev Bits: [0x00000175bbed0000, 0x00000175c1e00000)
 Next Bits: [0x00000175b5fa0000, 0x00000175bbed0000)

Polling page: 0x000001759d570000

Metaspace:

Usage:
  Non-class:     67.00 MB used.
      Class:      8.58 MB used.
       Both:     75.58 MB used.

Virtual space:
  Non-class space:      128.00 MB reserved,      67.38 MB ( 53%) committed,  2 nodes.
      Class space:        1.00 GB reserved,       8.88 MB ( <1%) committed,  1 nodes.
             Both:        1.12 GB reserved,      76.25 MB (  7%) committed. 

Chunk freelists:
   Non-Class:  12.28 MB
       Class:  6.94 MB
        Both:  19.22 MB

MaxMetaspaceSize: unlimited
CompressedClassSpaceSize: 1.00 GB
Initial GC threshold: 21.00 MB
Current GC threshold: 125.75 MB
CDS: on
MetaspaceReclaimPolicy: balanced
 - commit_granule_bytes: 65536.
 - commit_granule_words: 8192.
 - virtual_space_node_default_size: 8388608.
 - enlarge_chunks_in_place: 1.
 - new_chunks_are_fully_committed: 0.
 - uncommit_free_chunks: 1.
 - use_allocation_guard: 0.
 - handle_deallocations: 1.


Internal statistics:

num_allocs_failed_limit: 8.
num_arena_births: 960.
num_arena_deaths: 0.
num_vsnodes_births: 3.
num_vsnodes_deaths: 0.
num_space_committed: 1217.
num_space_uncommitted: 0.
num_chunks_returned_to_freelist: 8.
num_chunks_taken_from_freelist: 3729.
num_chunk_merges: 8.
num_chunk_splits: 2751.
num_chunks_enlarged: 2153.
num_inconsistent_stats: 0.

CodeHeap 'non-profiled nmethods': size=120000Kb used=4294Kb max_used=4294Kb free=115705Kb
 bounds [0x00000175ac150000, 0x00000175ac590000, 0x00000175b3680000]
CodeHeap 'profiled nmethods': size=120000Kb used=13242Kb max_used=13242Kb free=106758Kb
 bounds [0x00000175a4680000, 0x00000175a5370000, 0x00000175abbb0000]
CodeHeap 'non-nmethods': size=5760Kb used=1351Kb max_used=1413Kb free=4408Kb
 bounds [0x00000175abbb0000, 0x00000175abe20000, 0x00000175ac150000]
 total_blobs=7096 nmethods=6410 adapters=598
 compilation: enabled
              stopped_count=0, restarted_count=0
 full_count=0

Compilation events (20 events):
Event: 2494.362 Thread 0x00000175c41ebf70 nmethod 7233 0x00000175a5367c10 code [0x00000175a5367da0, 0x00000175a5367eb8]
Event: 2494.362 Thread 0x00000175c41ebf70 7234   !   3       java.util.concurrent.ScheduledThreadPoolExecutor$DelayedWorkQueue::size (27 bytes)
Event: 2494.364 Thread 0x00000175c41ebf70 nmethod 7234 0x00000175a5367f90 code [0x00000175a53681c0, 0x00000175a5368af8]
Event: 2534.488 Thread 0x00000175c41ebf70 7235   !   3       io.sentry.SentryExecutorService::isClosed (50 bytes)
Event: 2534.493 Thread 0x00000175c41eaa40 7236       4       java.util.concurrent.locks.ReentrantLock$NonfairSync::initialTryLock (58 bytes)
Event: 2534.551 Thread 0x00000175c41eaa40 nmethod 7236 0x00000175ac580f10 code [0x00000175ac581080, 0x00000175ac581238]
Event: 2534.556 Thread 0x00000175c41ebf70 nmethod 7235 0x00000175a5368e10 code [0x00000175a53690a0, 0x00000175a5369f28]
Event: 2544.496 Thread 0x00000175c41ebf70 7237   !   3       io.sentry.backpressure.BackpressureMonitor::reschedule (79 bytes)
Event: 2544.533 Thread 0x00000175c41ebf70 nmethod 7237 0x00000175a536a490 code [0x00000175a536a740, 0x00000175a536b6a8]
Event: 2544.533 Thread 0x00000175c41ebf70 7238       3       io.sentry.SentryExecutorService::schedule (97 bytes)
Event: 2544.646 Thread 0x00000175c41ebf70 nmethod 7238 0x00000175a536bb90 code [0x00000175a536bea0, 0x00000175a536cea8]
Event: 2554.504 Thread 0x00000175c41ebf70 7239       3       io.sentry.backpressure.BackpressureMonitor::run (12 bytes)
Event: 2554.507 Thread 0x00000175c41ebf70 nmethod 7239 0x00000175a536d410 code [0x00000175a536d5c0, 0x00000175a536d738]
Event: 2554.507 Thread 0x00000175c41ebf70 7240       3       io.sentry.backpressure.BackpressureMonitor::checkHealth (94 bytes)
Event: 2554.525 Thread 0x00000175c41ebf70 nmethod 7240 0x00000175a536d810 code [0x00000175a536da40, 0x00000175a536e548]
Event: 2554.526 Thread 0x00000175c41ebf70 7241       3       io.sentry.Scopes::isHealthy (10 bytes)
Event: 2554.532 Thread 0x00000175c41ebf70 nmethod 7241 0x00000175a536e890 code [0x00000175a536ea40, 0x00000175a536ecb8]
Event: 2625.115 Thread 0x00000175c41eaa40 7242       4       java.io.FileCleanable::register (49 bytes)
Event: 2625.160 Thread 0x00000175c41eaa40 nmethod 7242 0x00000175ac581310 code [0x00000175ac5814a0, 0x00000175ac581848]
Event: 2671.505 Thread 0x00000175c41eaa40 7243   !   4       sun.nio.fs.WindowsNativeDispatcher::CreateFile (41 bytes)

GC Heap History (20 events):
Event: 5.143 GC heap before
{Heap before GC invocations=15 (full 0):
 garbage-first heap   total 69632K, used 45714K [0x0000000683400000, 0x0000000800000000)
  region size 4096K, 4 young (16384K), 1 survivors (4096K)
 Metaspace       used 58371K, committed 59008K, reserved 1114112K
  class space    used 6359K, committed 6656K, reserved 1048576K
}
Event: 5.145 GC heap after
{Heap after GC invocations=16 (full 0):
 garbage-first heap   total 69632K, used 33891K [0x0000000683400000, 0x0000000800000000)
  region size 4096K, 1 young (4096K), 1 survivors (4096K)
 Metaspace       used 58371K, committed 59008K, reserved 1114112K
  class space    used 6359K, committed 6656K, reserved 1048576K
}
Event: 5.204 GC heap before
{Heap before GC invocations=16 (full 0):
 garbage-first heap   total 69632K, used 37987K [0x0000000683400000, 0x0000000800000000)
  region size 4096K, 2 young (8192K), 1 survivors (4096K)
 Metaspace       used 58654K, committed 59328K, reserved 1114112K
  class space    used 6402K, committed 6720K, reserved 1048576K
}
Event: 5.206 GC heap after
{Heap after GC invocations=17 (full 0):
 garbage-first heap   total 69632K, used 33593K [0x0000000683400000, 0x0000000800000000)
  region size 4096K, 1 young (4096K), 1 survivors (4096K)
 Metaspace       used 58654K, committed 59328K, reserved 1114112K
  class space    used 6402K, committed 6720K, reserved 1048576K
}
Event: 5.291 GC heap before
{Heap before GC invocations=17 (full 0):
 garbage-first heap   total 69632K, used 49977K [0x0000000683400000, 0x0000000800000000)
  region size 4096K, 5 young (20480K), 1 survivors (4096K)
 Metaspace       used 58796K, committed 59456K, reserved 1114112K
  class space    used 6418K, committed 6720K, reserved 1048576K
}
Event: 5.293 GC heap after
{Heap after GC invocations=18 (full 0):
 garbage-first heap   total 233472K, used 35335K [0x0000000683400000, 0x0000000800000000)
  region size 4096K, 1 young (4096K), 1 survivors (4096K)
 Metaspace       used 58796K, committed 59456K, reserved 1114112K
  class space    used 6418K, committed 6720K, reserved 1048576K
}
Event: 5.641 GC heap before
{Heap before GC invocations=19 (full 0):
 garbage-first heap   total 139264K, used 113159K [0x0000000683400000, 0x0000000800000000)
  region size 4096K, 21 young (86016K), 1 survivors (4096K)
 Metaspace       used 59521K, committed 60160K, reserved 1114112K
  class space    used 6474K, committed 6784K, reserved 1048576K
}
Event: 5.644 GC heap after
{Heap after GC invocations=20 (full 0):
 garbage-first heap   total 139264K, used 41705K [0x0000000683400000, 0x0000000800000000)
  region size 4096K, 3 young (12288K), 3 survivors (12288K)
 Metaspace       used 59521K, committed 60160K, reserved 1114112K
  class space    used 6474K, committed 6784K, reserved 1048576K
}
Event: 5.756 GC heap before
{Heap before GC invocations=20 (full 0):
 garbage-first heap   total 139264K, used 94953K [0x0000000683400000, 0x0000000800000000)
  region size 4096K, 17 young (69632K), 3 survivors (12288K)
 Metaspace       used 59542K, committed 60160K, reserved 1114112K
  class space    used 6474K, committed 6784K, reserved 1048576K
}
Event: 5.759 GC heap after
{Heap after GC invocations=21 (full 0):
 garbage-first heap   total 139264K, used 47339K [0x0000000683400000, 0x0000000800000000)
  region size 4096K, 2 young (8192K), 2 survivors (8192K)
 Metaspace       used 59542K, committed 60160K, reserved 1114112K
  class space    used 6474K, committed 6784K, reserved 1048576K
}
Event: 6.067 GC heap before
{Heap before GC invocations=21 (full 0):
 garbage-first heap   total 139264K, used 96491K [0x0000000683400000, 0x0000000800000000)
  region size 4096K, 14 young (57344K), 2 survivors (8192K)
 Metaspace       used 61425K, committed 62016K, reserved 1114112K
  class space    used 6744K, committed 6976K, reserved 1048576K
}
Event: 6.070 GC heap after
{Heap after GC invocations=22 (full 0):
 garbage-first heap   total 139264K, used 51272K [0x0000000683400000, 0x0000000800000000)
  region size 4096K, 2 young (8192K), 2 survivors (8192K)
 Metaspace       used 61425K, committed 62016K, reserved 1114112K
  class space    used 6744K, committed 6976K, reserved 1048576K
}
Event: 6.320 GC heap before
{Heap before GC invocations=22 (full 0):
 garbage-first heap   total 139264K, used 100424K [0x0000000683400000, 0x0000000800000000)
  region size 4096K, 14 young (57344K), 2 survivors (8192K)
 Metaspace       used 62476K, committed 63040K, reserved 1114112K
  class space    used 7124K, committed 7360K, reserved 1048576K
}
Event: 6.321 GC heap after
{Heap after GC invocations=23 (full 0):
 garbage-first heap   total 139264K, used 56349K [0x0000000683400000, 0x0000000800000000)
  region size 4096K, 2 young (8192K), 2 survivors (8192K)
 Metaspace       used 62476K, committed 63040K, reserved 1114112K
  class space    used 7124K, committed 7360K, reserved 1048576K
}
Event: 6.422 GC heap before
{Heap before GC invocations=23 (full 0):
 garbage-first heap   total 139264K, used 101405K [0x0000000683400000, 0x0000000800000000)
  region size 4096K, 13 young (53248K), 2 survivors (8192K)
 Metaspace       used 62602K, committed 63232K, reserved 1114112K
  class space    used 7148K, committed 7424K, reserved 1048576K
}
Event: 6.425 GC heap after
{Heap after GC invocations=24 (full 0):
 garbage-first heap   total 139264K, used 61854K [0x0000000683400000, 0x0000000800000000)
  region size 4096K, 2 young (8192K), 2 survivors (8192K)
 Metaspace       used 62602K, committed 63232K, reserved 1114112K
  class space    used 7148K, committed 7424K, reserved 1048576K
}
Event: 7.409 GC heap before
{Heap before GC invocations=24 (full 0):
 garbage-first heap   total 139264K, used 94622K [0x0000000683400000, 0x0000000800000000)
  region size 4096K, 11 young (45056K), 2 survivors (8192K)
 Metaspace       used 69398K, committed 70016K, reserved 1114112K
  class space    used 7727K, committed 8000K, reserved 1048576K
}
Event: 7.413 GC heap after
{Heap after GC invocations=25 (full 0):
 garbage-first heap   total 139264K, used 67430K [0x0000000683400000, 0x0000000800000000)
  region size 4096K, 2 young (8192K), 2 survivors (8192K)
 Metaspace       used 69398K, committed 70016K, reserved 1114112K
  class space    used 7727K, committed 8000K, reserved 1048576K
}
Event: 9.266 GC heap before
{Heap before GC invocations=25 (full 0):
 garbage-first heap   total 139264K, used 100198K [0x0000000683400000, 0x0000000800000000)
  region size 4096K, 10 young (40960K), 2 survivors (8192K)
 Metaspace       used 76470K, committed 77120K, reserved 1179648K
  class space    used 8634K, committed 8960K, reserved 1048576K
}
Event: 9.270 GC heap after
{Heap after GC invocations=26 (full 0):
 garbage-first heap   total 139264K, used 69611K [0x0000000683400000, 0x0000000800000000)
  region size 4096K, 1 young (4096K), 1 survivors (4096K)
 Metaspace       used 76470K, committed 77120K, reserved 1179648K
  class space    used 8634K, committed 8960K, reserved 1048576K
}

Dll operation events (11 events):
Event: 0.013 Loaded shared library C:\USERS\ALEJO\APPDATA\LOCAL\MICROSOFT\VISUALSTUDIO\18.0_EC2D3A0B\EXTENSIONS\C4BI2YVI.ZF5\Sloop\jre\bin\java.dll
Event: 0.031 Loaded shared library C:\USERS\ALEJO\APPDATA\LOCAL\MICROSOFT\VISUALSTUDIO\18.0_EC2D3A0B\EXTENSIONS\C4BI2YVI.ZF5\Sloop\jre\bin\jsvml.dll
Event: 0.171 Loaded shared library C:\Users\alejo\AppData\Local\Microsoft\VisualStudio\18.0_ec2d3a0b\Extensions\c4bi2yvi.zf5\Sloop\jre\bin\net.dll
Event: 0.174 Loaded shared library C:\Users\alejo\AppData\Local\Microsoft\VisualStudio\18.0_ec2d3a0b\Extensions\c4bi2yvi.zf5\Sloop\jre\bin\nio.dll
Event: 0.179 Loaded shared library C:\Users\alejo\AppData\Local\Microsoft\VisualStudio\18.0_ec2d3a0b\Extensions\c4bi2yvi.zf5\Sloop\jre\bin\zip.dll
Event: 0.260 Loaded shared library C:\USERS\ALEJO\APPDATA\LOCAL\MICROSOFT\VISUALSTUDIO\18.0_EC2D3A0B\EXTENSIONS\C4BI2YVI.ZF5\Sloop\jre\bin\verify.dll
Event: 0.342 Loaded shared library C:\Users\alejo\AppData\Local\Microsoft\VisualStudio\18.0_ec2d3a0b\Extensions\c4bi2yvi.zf5\Sloop\jre\bin\jimage.dll
Event: 3.363 Loaded shared library C:\Users\alejo\AppData\Local\Microsoft\VisualStudio\18.0_ec2d3a0b\Extensions\c4bi2yvi.zf5\Sloop\jre\bin\sunmscapi.dll
Event: 7.357 Loaded shared library C:\Users\alejo\AppData\Local\Temp\sonarsource-cfamily-jni10724956468882895965.dll
Event: 8.978 Loaded shared library C:\Users\alejo\AppData\Local\Microsoft\VisualStudio\18.0_ec2d3a0b\Extensions\c4bi2yvi.zf5\Sloop\jre\bin\management.dll
Event: 8.981 Loaded shared library C:\Users\alejo\AppData\Local\Microsoft\VisualStudio\18.0_ec2d3a0b\Extensions\c4bi2yvi.zf5\Sloop\jre\bin\management_ext.dll

Deoptimization events (20 events):
Event: 9.377 Thread 0x000001760e8b2a80 DEOPT PACKING pc=0x00000175ac45bf20 sp=0x00000066e5ffdec0
Event: 9.377 Thread 0x000001760e8b2a80 DEOPT UNPACKING pc=0x00000175abc069a3 sp=0x00000066e5ffde60 mode 2
Event: 9.377 Thread 0x000001760e8b2a80 Uncommon trap: trap_request=0xffffff45 fr.pc=0x00000175ac3ca32c relative=0x00000000000001ec
Event: 9.377 Thread 0x000001760e8b2a80 Uncommon trap: reason=unstable_if action=reinterpret pc=0x00000175ac3ca32c method=java.util.regex.Pattern$BmpCharProperty.match(Ljava/util/regex/Matcher;ILjava/lang/CharSequence;)Z @ 39 c2
Event: 9.377 Thread 0x000001760e8b2a80 DEOPT PACKING pc=0x00000175ac3ca32c sp=0x00000066e5ffdce0
Event: 9.377 Thread 0x000001760e8b2a80 DEOPT UNPACKING pc=0x00000175abc069a3 sp=0x00000066e5ffdc90 mode 2
Event: 9.377 Thread 0x000001760e8b2a80 Uncommon trap: trap_request=0xffffffde fr.pc=0x00000175ac45bf20 relative=0x00000000000002e0
Event: 9.377 Thread 0x000001760e8b2a80 Uncommon trap: reason=class_check action=maybe_recompile pc=0x00000175ac45bf20 method=java.util.regex.Pattern$Begin.match(Ljava/util/regex/Matcher;ILjava/lang/CharSequence;)Z @ 30 c2
Event: 9.377 Thread 0x000001760e8b2a80 DEOPT PACKING pc=0x00000175ac45bf20 sp=0x00000066e5ffdec0
Event: 9.377 Thread 0x000001760e8b2a80 DEOPT UNPACKING pc=0x00000175abc069a3 sp=0x00000066e5ffde60 mode 2
Event: 9.377 Thread 0x000001760e8b2a80 DEOPT PACKING pc=0x00000175a4aa45f4 sp=0x00000066e5ffd9b0
Event: 9.377 Thread 0x000001760e8b2a80 DEOPT UNPACKING pc=0x00000175abc07143 sp=0x00000066e5ffcf30 mode 0
Event: 9.377 Thread 0x000001760e8b2a80 Uncommon trap: trap_request=0xffffffde fr.pc=0x00000175ac45bf20 relative=0x00000000000002e0
Event: 9.377 Thread 0x000001760e8b2a80 Uncommon trap: reason=class_check action=maybe_recompile pc=0x00000175ac45bf20 method=java.util.regex.Pattern$Begin.match(Ljava/util/regex/Matcher;ILjava/lang/CharSequence;)Z @ 30 c2
Event: 9.377 Thread 0x000001760e8b2a80 DEOPT PACKING pc=0x00000175ac45bf20 sp=0x00000066e5ffdec0
Event: 9.377 Thread 0x000001760e8b2a80 DEOPT UNPACKING pc=0x00000175abc069a3 sp=0x00000066e5ffde60 mode 2
Event: 9.378 Thread 0x000001760e8b2a80 Uncommon trap: trap_request=0xffffffde fr.pc=0x00000175ac45bf20 relative=0x00000000000002e0
Event: 9.378 Thread 0x000001760e8b2a80 Uncommon trap: reason=class_check action=maybe_recompile pc=0x00000175ac45bf20 method=java.util.regex.Pattern$Begin.match(Ljava/util/regex/Matcher;ILjava/lang/CharSequence;)Z @ 30 c2
Event: 9.378 Thread 0x000001760e8b2a80 DEOPT PACKING pc=0x00000175ac45bf20 sp=0x00000066e5ffdec0
Event: 9.378 Thread 0x000001760e8b2a80 DEOPT UNPACKING pc=0x00000175abc069a3 sp=0x00000066e5ffde60 mode 2

Classes unloaded (0 events):
No events

Classes redefined (0 events):
No events

Internal exceptions (20 events):
Event: 7.321 Thread 0x000001760e8acf60 Exception <a 'java/lang/InterruptedException'{0x000000068a3854a0}: sleep interrupted> (0x000000068a3854a0) 
thrown [s\src\hotspot\share\prims\jvm.cpp, line 3064]
Event: 7.524 Thread 0x000001760cfe1d50 Exception <a 'java/lang/NoSuchMethodError'{0x000000068b765030}: 'void java.lang.invoke.DirectMethodHandle$Holder.invokeStatic(java.lang.Object, java.lang.Object, java.lang.Object, java.lang.Object, java.lang.Object, java.lang.Object, java.lang.Object)'> (0x000000068b765030) 
thrown [s\src\hotspot\share\interpreter\linkResolver.cpp, line 759]
Event: 7.572 Thread 0x000001760e8aedc0 Exception <a 'java/lang/NoSuchMethodError'{0x000000068b0a4a38}: 'int java.lang.invoke.DirectMethodHandle$Holder.invokeStatic(java.lang.Object, int, java.lang.Object)'> (0x000000068b0a4a38) 
thrown [s\src\hotspot\share\interpreter\linkResolver.cpp, line 759]
Event: 7.572 Thread 0x000001760e8aedc0 Exception <a 'java/lang/NoSuchMethodError'{0x000000068b0ad760}: 'void java.lang.invoke.DirectMethodHandle$Holder.invokeStatic(java.lang.Object, java.lang.Object, int)'> (0x000000068b0ad760) 
thrown [s\src\hotspot\share\interpreter\linkResolver.cpp, line 759]
Event: 7.577 Thread 0x000001760e8b0710 Exception <a 'java/lang/NoSuchMethodError'{0x000000068b0ce6c0}: 'int java.lang.invoke.DirectMethodHandle$Holder.invokeSpecialIFC(java.lang.Object, java.lang.Object, java.lang.Object, java.lang.Object, java.lang.Object)'> (0x000000068b0ce6c0) 
thrown [s\src\hotspot\share\interpreter\linkResolver.cpp, line 759]
Event: 8.962 Thread 0x000001760e8b2570 Exception <a 'java/lang/NoSuchMethodError'{0x000000068b1c1d88}: 'java.lang.Object java.lang.invoke.DirectMethodHandle$Holder.newInvokeSpecial(java.lang.Object, java.lang.Object, long, java.lang.Object, java.lang.Object, java.lang.Object)'> (0x000000068b1c1d88) 
thrown [s\src\hotspot\share\interpreter\linkResolver.cpp, line 759]
Event: 8.963 Thread 0x000001760e8b2570 Exception <a 'java/lang/NoSuchMethodError'{0x000000068b1c9990}: 'java.lang.Object java.lang.invoke.Invokers$Holder.linkToTargetMethod(java.lang.Object, long, java.lang.Object, java.lang.Object, java.lang.Object, java.lang.Object)'> (0x000000068b1c9990) 
thrown [s\src\hotspot\share\interpreter\linkResolver.cpp, line 759]
Event: 8.966 Thread 0x000001760e8b2570 Implicit null exception at 0x00000175ac33f2ec to 0x00000175ac33f394
Event: 8.990 Thread 0x000001760cfe1d50 Exception <a 'java/lang/NoSuchMethodError'{0x000000068b2122f8}: 'void java.lang.invoke.DirectMethodHandle$Holder.invokeSpecial(java.lang.Object, java.lang.Object, int)'> (0x000000068b2122f8) 
thrown [s\src\hotspot\share\interpreter\linkResolver.cpp, line 759]
Event: 9.316 Thread 0x000001760cfe1d50 Exception <a 'java/lang/NoSuchMethodError'{0x000000069b1b89a0}: 'java.lang.Object java.lang.invoke.DirectMethodHandle$Holder.newInvokeSpecial(java.lang.Object, java.lang.Object, java.lang.Object, int)'> (0x000000069b1b89a0) 
thrown [s\src\hotspot\share\interpreter\linkResolver.cpp, line 759]
Event: 9.320 Thread 0x000001760cfe1d50 Exception <a 'java/lang/NoSuchMethodError'{0x000000069b1e2930}: 'int java.lang.invoke.DirectMethodHandle$Holder.invokeSpecialIFC(java.lang.Object, java.lang.Object, java.lang.Object, java.lang.Object)'> (0x000000069b1e2930) 
thrown [s\src\hotspot\share\interpreter\linkResolver.cpp, line 759]
Event: 9.381 Thread 0x000001760e8b1b50 Exception <a 'java/lang/InterruptedException'{0x000000068b402920}: sleep interrupted> (0x000000068b402920) 
thrown [s\src\hotspot\share\prims\jvm.cpp, line 3064]
Event: 9.411 Thread 0x000001760cfe1d50 Exception <a 'sun/nio/fs/WindowsException'{0x000000068b50b6e8}> (0x000000068b50b6e8) 
thrown [s\src\hotspot\share\prims\jni.cpp, line 516]
Event: 9.416 Thread 0x000001760cfe1d50 Exception <a 'java/lang/NoSuchMethodError'{0x000000068b524dc0}: 'java.lang.Object java.lang.invoke.DirectMethodHandle$Holder.invokeStatic(java.lang.Object, java.lang.Object, int, java.lang.Object, java.lang.Object)'> (0x000000068b524dc0) 
thrown [s\src\hotspot\share\interpreter\linkResolver.cpp, line 759]
Event: 9.416 Thread 0x000001760cfe1d50 Exception <a 'java/lang/NoSuchMethodError'{0x000000068b52cb80}: 'java.lang.Object java.lang.invoke.DirectMethodHandle$Holder.newInvokeSpecial(java.lang.Object, java.lang.Object, int, java.lang.Object)'> (0x000000068b52cb80) 
thrown [s\src\hotspot\share\interpreter\linkResolver.cpp, line 759]
Event: 9.418 Thread 0x000001760cfe1d50 Exception <a 'sun/nio/fs/WindowsException'{0x000000068b53f2d8}> (0x000000068b53f2d8) 
thrown [s\src\hotspot\share\prims\jni.cpp, line 516]
Event: 9.424 Thread 0x000001760cfe1d50 Exception <a 'java/lang/NoSuchMethodError'{0x000000068b54f4b8}: 'java.lang.Object java.lang.invoke.DirectMethodHandle$Holder.invokeStatic(java.lang.Object, java.lang.Object, int, java.lang.Object)'> (0x000000068b54f4b8) 
thrown [s\src\hotspot\share\interpreter\linkResolver.cpp, line 759]
Event: 9.427 Thread 0x000001760cfe1d50 Exception <a 'sun/nio/fs/WindowsException'{0x000000068b581078}> (0x000000068b581078) 
thrown [s\src\hotspot\share\prims\jni.cpp, line 516]
Event: 9.434 Thread 0x000001760cfe1d50 Exception <a 'sun/nio/fs/WindowsException'{0x000000068b59c8e8}> (0x000000068b59c8e8) 
thrown [s\src\hotspot\share\prims\jni.cpp, line 516]
Event: 137.614 Thread 0x000001760e8aedc0 Exception <a 'sun/net/ConnectionResetException'{0x000000068b6de890}: Connection reset> (0x000000068b6de890) 
thrown [s\src\hotspot\share\prims\jni.cpp, line 535]

VM Operations (20 events):
Event: 167.382 Executing VM operation: Cleanup
Event: 167.382 Executing VM operation: Cleanup done
Event: 943.155 Executing VM operation: Cleanup
Event: 943.155 Executing VM operation: Cleanup done
Event: 1640.101 Executing VM operation: Cleanup
Event: 1640.116 Executing VM operation: Cleanup done
Event: 1875.244 Executing VM operation: Cleanup
Event: 1875.246 Executing VM operation: Cleanup done
Event: 1878.246 Executing VM operation: Cleanup
Event: 1878.246 Executing VM operation: Cleanup done
Event: 1915.266 Executing VM operation: Cleanup
Event: 1915.266 Executing VM operation: Cleanup done
Event: 2254.445 Executing VM operation: Cleanup
Event: 2254.445 Executing VM operation: Cleanup done
Event: 2525.590 Executing VM operation: Cleanup
Event: 2525.737 Executing VM operation: Cleanup done
Event: 2544.746 Executing VM operation: Cleanup
Event: 2544.747 Executing VM operation: Cleanup done
Event: 2564.754 Executing VM operation: Cleanup
Event: 2564.754 Executing VM operation: Cleanup done

Events (20 events):
Event: 9.407 Thread 0x000001760e8b2a80 Thread added: 0x000001760e8b2a80
Event: 9.424 loading class java/util/function/IntBinaryOperator
Event: 9.424 loading class java/util/function/IntBinaryOperator done
Event: 9.425 loading class java/util/stream/ReduceOps$6
Event: 9.425 loading class java/util/stream/ReduceOps$6 done
Event: 9.425 loading class java/util/stream/ReduceOps$5ReducingSink
Event: 9.425 loading class java/util/stream/ReduceOps$5ReducingSink done
Event: 9.599 Thread 0x000001760eb042a0 Thread exited: 0x000001760eb042a0
Event: 9.599 Thread 0x00000175c4cf1fe0 Thread exited: 0x00000175c4cf1fe0
Event: 63.701 loading class java/util/concurrent/ConcurrentHashMap$KeySpliterator
Event: 63.702 loading class java/util/concurrent/ConcurrentHashMap$KeySpliterator done
Event: 64.649 Thread 0x000001760e8af7e0 Thread exited: 0x000001760e8af7e0
Event: 64.649 Thread 0x000001760e8ad980 Thread exited: 0x000001760e8ad980
Event: 67.579 Thread 0x000001760e8b0710 Thread exited: 0x000001760e8b0710
Event: 68.967 Thread 0x000001760e8acf60 Thread exited: 0x000001760e8acf60
Event: 68.967 Thread 0x000001760e8b2570 Thread exited: 0x000001760e8b2570
Event: 137.614 loading class sun/net/ConnectionResetException
Event: 137.614 loading class sun/net/ConnectionResetException done
Event: 1066.373 loading class jdk/internal/access/foreign/MemorySegmentProxy
Event: 1066.375 loading class jdk/internal/access/foreign/MemorySegmentProxy done


Dynamic libraries:
0x00007ff6548d0000 - 0x00007ff6548de000 	C:\USERS\ALEJO\APPDATA\LOCAL\MICROSOFT\VISUALSTUDIO\18.0_EC2D3A0B\EXTENSIONS\C4BI2YVI.ZF5\Sloop\jre\bin\java.exe
0x00007ffd7fb00000 - 0x00007ffd7fd66000 	C:\WINDOWS\SYSTEM32\ntdll.dll
0x00007ffd40760000 - 0x00007ffd40781000 	C:\Program Files\Norton\Suite\aswhook.dll
0x00007ffd7f9c0000 - 0x00007ffd7fa89000 	C:\WINDOWS\System32\KERNEL32.DLL
0x00007ffd7d080000 - 0x00007ffd7d47a000 	C:\WINDOWS\System32\KERNELBASE.dll
0x00007ffd7ce70000 - 0x00007ffd7cfbc000 	C:\WINDOWS\System32\ucrtbase.dll
0x00007ffc037d0000 - 0x00007ffc037eb000 	C:\USERS\ALEJO\APPDATA\LOCAL\MICROSOFT\VISUALSTUDIO\18.0_EC2D3A0B\EXTENSIONS\C4BI2YVI.ZF5\Sloop\jre\bin\VCRUNTIME140.dll
0x00007ffc037b0000 - 0x00007ffc037c7000 	C:\USERS\ALEJO\APPDATA\LOCAL\MICROSOFT\VISUALSTUDIO\18.0_EC2D3A0B\EXTENSIONS\C4BI2YVI.ZF5\Sloop\jre\bin\jli.dll
0x00007ffd7e020000 - 0x00007ffd7e1e7000 	C:\WINDOWS\System32\USER32.dll
0x00007ffd554b0000 - 0x00007ffd55742000 	C:\WINDOWS\WinSxS\amd64_microsoft.windows.common-controls_6595b64144ccf1df_6.0.26100.8521_none_3e08b75ce33403b3\COMCTL32.dll
0x00007ffd7cd90000 - 0x00007ffd7cdb7000 	C:\WINDOWS\System32\win32u.dll
0x00007ffd7f910000 - 0x00007ffd7f9b9000 	C:\WINDOWS\System32\msvcrt.dll
0x00007ffd7fa90000 - 0x00007ffd7fabb000 	C:\WINDOWS\System32\GDI32.dll
0x00007ffd7d530000 - 0x00007ffd7d65b000 	C:\WINDOWS\System32\gdi32full.dll
0x00007ffd7d480000 - 0x00007ffd7d523000 	C:\WINDOWS\System32\msvcp_win.dll
0x00007ffd7f4e0000 - 0x00007ffd7f512000 	C:\WINDOWS\System32\IMM32.DLL
0x00007ffcdb380000 - 0x00007ffcdb38c000 	C:\USERS\ALEJO\APPDATA\LOCAL\MICROSOFT\VISUALSTUDIO\18.0_EC2D3A0B\EXTENSIONS\C4BI2YVI.ZF5\Sloop\jre\bin\vcruntime140_1.dll
0x00007ffc002a0000 - 0x00007ffc0032d000 	C:\USERS\ALEJO\APPDATA\LOCAL\MICROSOFT\VISUALSTUDIO\18.0_EC2D3A0B\EXTENSIONS\C4BI2YVI.ZF5\Sloop\jre\bin\msvcp140.dll
0x00007ffbfbcd0000 - 0x00007ffbfc931000 	C:\USERS\ALEJO\APPDATA\LOCAL\MICROSOFT\VISUALSTUDIO\18.0_EC2D3A0B\EXTENSIONS\C4BI2YVI.ZF5\Sloop\jre\bin\server\jvm.dll
0x00007ffd7eac0000 - 0x00007ffd7eb76000 	C:\WINDOWS\System32\ADVAPI32.dll
0x00007ffd7eb80000 - 0x00007ffd7ec2a000 	C:\WINDOWS\System32\sechost.dll
0x00007ffd7e200000 - 0x00007ffd7e318000 	C:\WINDOWS\System32\RPCRT4.dll
0x00007ffd6c220000 - 0x00007ffd6c256000 	C:\WINDOWS\SYSTEM32\WINMM.dll
0x00007ffd6c030000 - 0x00007ffd6c03a000 	C:\WINDOWS\SYSTEM32\WSOCK32.dll
0x00007ffd75ea0000 - 0x00007ffd75eab000 	C:\WINDOWS\SYSTEM32\VERSION.dll
0x00007ffd7f5a0000 - 0x00007ffd7f620000 	C:\WINDOWS\System32\WS2_32.dll
0x00007ffd7ca40000 - 0x00007ffd7ca9e000 	C:\WINDOWS\SYSTEM32\POWRPROF.dll
0x00007ffd7ca20000 - 0x00007ffd7ca34000 	C:\WINDOWS\SYSTEM32\UMPDC.dll
0x00007ffd7baf0000 - 0x00007ffd7bb0b000 	C:\WINDOWS\SYSTEM32\kernel.appcore.dll
0x00007ffcdaeb0000 - 0x00007ffcdaeba000 	C:\USERS\ALEJO\APPDATA\LOCAL\MICROSOFT\VISUALSTUDIO\18.0_EC2D3A0B\EXTENSIONS\C4BI2YVI.ZF5\Sloop\jre\bin\jimage.dll
0x00007ffd74230000 - 0x00007ffd74472000 	C:\WINDOWS\SYSTEM32\DBGHELP.DLL
0x00007ffd7e730000 - 0x00007ffd7eab3000 	C:\WINDOWS\System32\combase.dll
0x00007ffd7f360000 - 0x00007ffd7f439000 	C:\WINDOWS\System32\OLEAUT32.dll
0x00007ffd733e0000 - 0x00007ffd7341b000 	C:\WINDOWS\SYSTEM32\dbgcore.DLL
0x00007ffd7cdc0000 - 0x00007ffd7ce68000 	C:\WINDOWS\System32\bcryptPrimitives.dll
0x00007ffc03760000 - 0x00007ffc03785000 	C:\USERS\ALEJO\APPDATA\LOCAL\MICROSOFT\VISUALSTUDIO\18.0_EC2D3A0B\EXTENSIONS\C4BI2YVI.ZF5\Sloop\jre\bin\java.dll
0x00007ffc00190000 - 0x00007ffc00267000 	C:\USERS\ALEJO\APPDATA\LOCAL\MICROSOFT\VISUALSTUDIO\18.0_EC2D3A0B\EXTENSIONS\C4BI2YVI.ZF5\Sloop\jre\bin\jsvml.dll
0x00007ffd7d870000 - 0x00007ffd7dff4000 	C:\WINDOWS\System32\SHELL32.dll
0x00007ffd7a930000 - 0x00007ffd7b1b0000 	C:\WINDOWS\SYSTEM32\windows.storage.dll
0x00007ffd7f630000 - 0x00007ffd7f726000 	C:\WINDOWS\System32\SHCORE.dll
0x00007ffd7f2f0000 - 0x00007ffd7f357000 	C:\WINDOWS\System32\shlwapi.dll
0x00007ffd7ccb0000 - 0x00007ffd7ccd9000 	C:\WINDOWS\SYSTEM32\profapi.dll
0x00007ffc00170000 - 0x00007ffc00189000 	C:\Users\alejo\AppData\Local\Microsoft\VisualStudio\18.0_ec2d3a0b\Extensions\c4bi2yvi.zf5\Sloop\jre\bin\net.dll
0x00007ffd75a10000 - 0x00007ffd75b39000 	C:\WINDOWS\SYSTEM32\WINHTTP.dll
0x00007ffd7c040000 - 0x00007ffd7c0ac000 	C:\WINDOWS\system32\mswsock.dll
0x00007ffc00150000 - 0x00007ffc00166000 	C:\Users\alejo\AppData\Local\Microsoft\VisualStudio\18.0_ec2d3a0b\Extensions\c4bi2yvi.zf5\Sloop\jre\bin\nio.dll
0x00007ffc00130000 - 0x00007ffc00148000 	C:\Users\alejo\AppData\Local\Microsoft\VisualStudio\18.0_ec2d3a0b\Extensions\c4bi2yvi.zf5\Sloop\jre\bin\zip.dll
0x00007ffcd85a0000 - 0x00007ffcd85b0000 	C:\USERS\ALEJO\APPDATA\LOCAL\MICROSOFT\VISUALSTUDIO\18.0_EC2D3A0B\EXTENSIONS\C4BI2YVI.ZF5\Sloop\jre\bin\verify.dll
0x00007ffd7c380000 - 0x00007ffd7c39b000 	C:\WINDOWS\SYSTEM32\CRYPTSP.dll
0x00007ffd7ba50000 - 0x00007ffd7ba89000 	C:\WINDOWS\system32\rsaenh.dll
0x00007ffd7c100000 - 0x00007ffd7c133000 	C:\WINDOWS\SYSTEM32\USERENV.dll
0x00007ffd7cc80000 - 0x00007ffd7ccaa000 	C:\WINDOWS\SYSTEM32\bcrypt.dll
0x00007ffd7c370000 - 0x00007ffd7c37c000 	C:\WINDOWS\SYSTEM32\CRYPTBASE.dll
0x00007ffd7b5b0000 - 0x00007ffd7b6fa000 	C:\WINDOWS\SYSTEM32\DNSAPI.dll
0x00007ffd7be80000 - 0x00007ffd7be8d000 	C:\WINDOWS\SYSTEM32\DSPARSE.dll
0x00007ffd7b4c0000 - 0x00007ffd7b4f3000 	C:\WINDOWS\SYSTEM32\IPHLPAPI.DLL
0x00007ffd7ec30000 - 0x00007ffd7ec3a000 	C:\WINDOWS\System32\NSI.dll
0x00007ffd734c0000 - 0x00007ffd734cb000 	C:\Windows\System32\rasadhlp.dll
0x00007ffd74c70000 - 0x00007ffd74cf6000 	C:\WINDOWS\System32\fwpuclnt.dll
0x00007ffcc1480000 - 0x00007ffcc148e000 	C:\Users\alejo\AppData\Local\Microsoft\VisualStudio\18.0_ec2d3a0b\Extensions\c4bi2yvi.zf5\Sloop\jre\bin\sunmscapi.dll
0x00007ffd7d6f0000 - 0x00007ffd7d868000 	C:\WINDOWS\System32\CRYPT32.dll
0x00007ffd7c590000 - 0x00007ffd7c5c0000 	C:\WINDOWS\SYSTEM32\ncrypt.dll
0x00007ffd7c540000 - 0x00007ffd7c57f000 	C:\WINDOWS\SYSTEM32\NTASN1.dll
0x00007ffd75530000 - 0x00007ffd7554d000 	C:\WINDOWS\SYSTEM32\dhcpcsvc6.DLL
0x00007ffd75500000 - 0x00007ffd75525000 	C:\WINDOWS\SYSTEM32\dhcpcsvc.DLL
0x00007ffd14e60000 - 0x00007ffd14e68000 	C:\WINDOWS\system32\wshunix.dll
0x00007ffc039a0000 - 0x00007ffc039bd000 	C:\Users\alejo\AppData\Local\Temp\sonarsource-cfamily-jni10724956468882895965.dll
0x00007ffcbf6b0000 - 0x00007ffcbf6b9000 	C:\Users\alejo\AppData\Local\Microsoft\VisualStudio\18.0_ec2d3a0b\Extensions\c4bi2yvi.zf5\Sloop\jre\bin\management.dll
0x00007ffcbe0e0000 - 0x00007ffcbe0eb000 	C:\Users\alejo\AppData\Local\Microsoft\VisualStudio\18.0_ec2d3a0b\Extensions\c4bi2yvi.zf5\Sloop\jre\bin\management_ext.dll
0x00007ffd7e1f0000 - 0x00007ffd7e1f8000 	C:\WINDOWS\System32\PSAPI.DLL

dbghelp: loaded successfully - version: 4.0.5 - missing functions: none
symbol engine: initialized successfully - sym options: 0x614 - pdb path: .;C:\USERS\ALEJO\APPDATA\LOCAL\MICROSOFT\VISUALSTUDIO\18.0_EC2D3A0B\EXTENSIONS\C4BI2YVI.ZF5\Sloop\jre\bin;C:\WINDOWS\SYSTEM32;C:\Program Files\Norton\Suite;C:\WINDOWS\WinSxS\amd64_microsoft.windows.common-controls_6595b64144ccf1df_6.0.26100.8521_none_3e08b75ce33403b3;C:\USERS\ALEJO\APPDATA\LOCAL\MICROSOFT\VISUALSTUDIO\18.0_EC2D3A0B\EXTENSIONS\C4BI2YVI.ZF5\Sloop\jre\bin\server;C:\Users\alejo\AppData\Local\Temp

VM Arguments:
java_command: org.sonarsource.sonarlint.core.backend.cli.SonarLintServerCli
java_class_path (initial): C:\USERS\ALEJO\APPDATA\LOCAL\MICROSOFT\VISUALSTUDIO\18.0_EC2D3A0B\EXTENSIONS\C4BI2YVI.ZF5\Sloop\lib\annotations-13.0.jar;C:\USERS\ALEJO\APPDATA\LOCAL\MICROSOFT\VISUALSTUDIO\18.0_EC2D3A0B\EXTENSIONS\C4BI2YVI.ZF5\Sloop\lib\ayza-10.0.0.jar;C:\USERS\ALEJO\APPDATA\LOCAL\MICROSOFT\VISUALSTUDIO\18.0_EC2D3A0B\EXTENSIONS\C4BI2YVI.ZF5\Sloop\lib\checker-qual-3.43.0.jar;C:\USERS\ALEJO\APPDATA\LOCAL\MICROSOFT\VISUALSTUDIO\18.0_EC2D3A0B\EXTENSIONS\C4BI2YVI.ZF5\Sloop\lib\commons-codec-1.17.2.jar;C:\USERS\ALEJO\APPDATA\LOCAL\MICROSOFT\VISUALSTUDIO\18.0_EC2D3A0B\EXTENSIONS\C4BI2YVI.ZF5\Sloop\lib\commons-compress-1.27.1.jar;C:\USERS\ALEJO\APPDATA\LOCAL\MICROSOFT\VISUALSTUDIO\18.0_EC2D3A0B\EXTENSIONS\C4BI2YVI.ZF5\Sloop\lib\commons-csv-1.13.0.jar;C:\USERS\ALEJO\APPDATA\LOCAL\MICROSOFT\VISUALSTUDIO\18.0_EC2D3A0B\EXTENSIONS\C4BI2YVI.ZF5\Sloop\lib\commons-io-2.18.0.jar;C:\USERS\ALEJO\APPDATA\LOCAL\MICROSOFT\VISUALSTUDIO\18.0_EC2D3A0B\EXTENSIONS\C4BI2YVI.ZF5\Sloop\lib\commons-lang3-3.18.0.jar;C:\USERS\ALEJO\APPDATA\LOCAL\MICROSOFT\VISUALSTUDIO\18.0_EC2D3A0B\EXTENSIONS\C4BI2YVI.ZF5\Sloop\lib\commons-text-1.13.1.jar;C:\USERS\ALEJO\APPDATA\LOCAL\MICROSOFT\VISUALSTUDIO\18.0_EC2D3A0B\EXTENSIONS\C4BI2YVI.ZF5\Sloop\lib\error_prone_annotations-2.36.0.jar;C:\USERS\ALEJO\APPDATA\LOCAL\MICROSOFT\VISUALSTUDIO\18.0_EC2D3A0B\EXTENSIONS\C4BI2YVI.ZF5\Sloop\lib\failureaccess-1.0.2.jar;C:\USERS\ALEJO\APPDATA\LOCAL\MICROSOFT\VISUALSTUDIO\18.0_EC2D3A0B\EXTENSIONS\C4BI2YVI.ZF5\Sloop\lib\flyway-core-11.14.0.jar;C:\USERS\ALEJO\APPDATA\LOCAL\MICROSOFT\VISUALSTUDIO\18.0_EC2D3A0B\EXTENSIONS\C4BI2YVI.ZF5\Sloop\lib\git-files-blame-2.0.1.17.jar;C:\USERS\ALEJO\APPDATA\LOCAL\MICROSOFT\VISUALSTUDIO\18.0_EC2D3A0B\EXTENSIONS\C4BI2YVI.ZF5\Sloop\lib\gson-2.10.jar;C:\USERS\ALEJO\APPDATA\LOCAL\MICROSOFT\VISUALSTUDIO\18.0_EC2D3A0B\EXTENSIONS\C4BI2YVI.ZF5\Sloop\lib\guava-33.4.0-jre.jar;C:\USERS\ALEJO\APPDATA\LOCAL\MICROSOFT\VISUALSTUDIO\18.0_EC2D3A0B\EXTENSIONS\C4BI2YVI.ZF5\Sloop\lib\h2-2.4.240.jar;C
Launcher Type: SUN_STANDARD

[Global flags]
     intx CICompilerCount                          = 4                                         {product} {ergonomic}
     uint ConcGCThreads                            = 3                                         {product} {ergonomic}
     uint G1ConcRefinementThreads                  = 10                                        {product} {ergonomic}
   size_t G1HeapRegionSize                         = 4194304                                   {product} {ergonomic}
    uintx GCDrainStackTargetSize                   = 64                                        {product} {ergonomic}
   size_t InitialHeapSize                          = 402653184                                 {product} {ergonomic}
   size_t MarkStackSize                            = 4194304                                   {product} {ergonomic}
   size_t MaxHeapSize                              = 6387924992                                {product} {ergonomic}
   size_t MaxNewSize                               = 3829399552                                {product} {ergonomic}
   size_t MinHeapDeltaBytes                        = 4194304                                   {product} {ergonomic}
   size_t MinHeapSize                              = 8388608                                   {product} {ergonomic}
    uintx NonNMethodCodeHeapSize                   = 5839372                                {pd product} {ergonomic}
    uintx NonProfiledCodeHeapSize                  = 122909434                              {pd product} {ergonomic}
    uintx ProfiledCodeHeapSize                     = 122909434                              {pd product} {ergonomic}
    uintx ReservedCodeCacheSize                    = 251658240                              {pd product} {ergonomic}
     bool SegmentedCodeCache                       = true                                      {product} {ergonomic}
   size_t SoftMaxHeapSize                          = 6387924992                             {manageable} {ergonomic}
     bool UseCompressedClassPointers               = true                           {product lp64_product} {ergonomic}
     bool UseCompressedOops                        = true                           {product lp64_product} {ergonomic}
     bool UseG1GC                                  = true                                      {product} {ergonomic}
     bool UseLargePagesIndividualAllocation        = false                                  {pd product} {ergonomic}

Logging:
Log output configuration:
 #0: stdout all=warning uptime,level,tags
 #1: stderr all=off uptime,level,tags

Environment Variables:
PATH=C:\Program Files\Microsoft MPI\Bin\;C:\Program Files (x86)\Razer Chroma SDK\bin;C:\Program Files\Razer Chroma SDK\bin;C:\WINDOWS\system32;C:\WINDOWS;C:\WINDOWS\System32\Wbem;C:\WINDOWS\System32\WindowsPowerShell\v1.0\;C:\WINDOWS\System32\OpenSSH\;C:\Program Files\dotnet\;C:\WINDOWS\system32\config\systemprofile\AppData\Local\Microsoft\WindowsApps;C:\Program Files (x86)\Razer\ChromaBroadcast\bin;C:\Program Files\Razer\ChromaBroadcast\bin;C:\Users\alejo\AppData\Local\Microsoft\WindowsApps;C:\Users\alejo\AppData\Local\Programs\Microsoft VS Code\bin;C:\Program Files\NVIDIA Corporation\NVIDIA App\NvDLISR;C:\Program Files (x86)\NVIDIA Corporation\PhysX\Common;C:\Program Files\Git\cmd;C:\Program Files\Microsoft SQL Server\170\Tools\Binn\;C:\Program Files\Microsoft SQL Server\Client SDK\ODBC\170\Tools\Binn\;C:\Program Files (x86)\Microsoft SQL Server\170\Tools\Binn\;C:\Program Files\Microsoft SQL Server\Client SDK\ODBC\180\Tools\Binn\;C:\Program Files\Microsoft SQL Server\170\DTS\Binn\;C:\Program Files (x86)\Microsoft SQL Server\170\DTS\Binn\;C:\Program Files\Microsoft SQL Server\130\DTS\Binn\;C:\Program Files\Microsoft SQL Server\140\DTS\Binn\;C:\Program Files\Microsoft SQL Server\150\DTS\Binn\;C:\Program Files\Microsoft SQL Server\160\DTS\Binn\;C:\Program Files\nodejs\;C:\Program Files\Docker\Docker\resources\bin;C:\Users\alejo\AppData\Local\pnpm\bin;C:\Users\alejo\AppData\Local\Programs\Python\Python313\Scripts\;C:\Users\alejo\AppData\Local\Programs\Python\Python313\;C:\Users\alejo\AppData\Local\Programs\Python\Launcher\;C:\Users\alejo\AppData\Local\Microsoft\WindowsApps;C:\Users\alejo\AppData\Local\Programs\Microsoft VS Code\bin;C:\Users\alejo\.dotnet\tools;C:\Users\alejo\AppData\Local\Microsoft\WinGet\Packages\GitHub.Copilot_Microsoft.Winget.Source_8wekyb3d8bbwe;C:\Users\alejo\AppData\Roaming\npm;C:\Program Files\Microsoft Visual Studio\18\Community\Common7\IDE\PrivateAssemblies\runtimes\win-x64\native
USERNAME=alejo
OS=Windows_NT
PROCESSOR_IDENTIFIER=AMD64 Family 25 Model 80 Stepping 0, AuthenticAMD
TMP=C:\Users\alejo\AppData\Local\Temp
TEMP=C:\Users\alejo\AppData\Local\Temp



Periodic native trim disabled


---------------  S Y S T E M  ---------------

OS:
 Windows 11 , 64 bit Build 26100 (10.0.26100.8521)
OS uptime: 0 days 2:29 hours
Hyper-V role detected

CPU: total 12 (initial active 12) (12 cores per cpu, 2 threads per core) family 25 model 80 stepping 0 microcode 0xa50000f, cx8, cmov, fxsr, ht, mmx, 3dnowpref, sse, sse2, sse3, ssse3, sse4a, sse4.1, sse4.2, popcnt, lzcnt, tsc, tscinvbit, avx, avx2, aes, erms, clmul, bmi1, bmi2, adx, sha, fma, vzeroupper, clflush, clflushopt, hv
Processor Information for all 12 processors :
  Max Mhz: 3901, Current Mhz: 3901, Mhz Limit: 3901

Memory: 4k page, system-wide physical 24367M (1253M free)
TotalPageFile size 83867M (AvailPageFile size 0M)
current process WorkingSet (physical memory assigned to process): 21M, peak: 369M
current process commit charge ("private bytes"): 359M, peak: 550M

vm_info: OpenJDK 64-Bit Server VM (17.0.9+9) for windows-amd64 JRE (17.0.9+9), built on Oct 26 2023 14:01:42 by "admin" with MS VC++ 16.10 / 16.11 (VS2019)

END.
